

*******************************************************************************
Sat Nov 08 17:20:15 2025


FIT:    data read from "C:/Users/jacin/Documents/Lab Physics/Plotinator 100000/data/sample2.dat"
        format = z
        #datapoints = 5
        residuals are weighted equally (unit weight)

function used for fitting: f(x)
	f(x) = A * exp(B * x)
fitted parameters initialized with current variable values

iter      chisq       delta/lim  lambda   A             B            
   0 5.8381581989e+234  0.00e+00  2.34e+119   2.670000e+01   5.340000e+01
   1 1.1950282157e+234 -3.89e+05  2.34e+118   2.669974e+01   5.324138e+01

The maximum lambda = 1.000000e+20 was exceeded. Fit stopped.
final sum of squares of residuals : 1.19503e+234
rel. change during last iteration : -3.88537

degrees of freedom    (FIT_NDF)                        : 3
rms of residuals      (FIT_STDFIT) = sqrt(WSSR/ndf)    : 6.31144e+116
variance of residuals (reduced chisquare) = WSSR/ndf   : 3.98343e+233

Final set of parameters            Asymptotic Standard Error
=======================            ==========================
A               = 26.6997          +/- 2.626e+24    (9.836e+24%)
B               = 53.2414          +/- 1.717e+22    (3.225e+22%)

correlation matrix of the fit parameters:
                A      B      
A               1.000 
B              -1.000  1.000 
